node_modules/socket.io/dist/index.d.ts(1,8): error TS1192: Module '"http"' has no default export.
src/notifications/dto/create-notification.dto.ts(4,6): error TS1240: Unable to resolve signature of property decorator when called as an expression.
  Argument of type 'ClassFieldDecoratorContext<CreateNotificationDto, string> & { name: "recipientId"; private: false; static: false; }' is not assignable to parameter of type 'string | symbol'.
src/notifications/dto/create-notification.dto.ts(5,6): error TS1240: Unable to resolve signature of property decorator when called as an expression.
  Argument of type 'ClassFieldDecoratorContext<CreateNotificationDto, string> & { name: "recipientId"; private: false; static: false; }' is not assignable to parameter of type 'string | symbol'.
src/notifications/dto/create-notification.dto.ts(8,6): error TS1240: Unable to resolve signature of property decorator when called as an expression.
  Argument of type 'ClassFieldDecoratorContext<CreateNotificationDto, string> & { name: "recipientRole"; private: false; static: false; }' is not assignable to parameter of type 'string | symbol'.
src/notifications/dto/create-notification.dto.ts(9,6): error TS1240: Unable to resolve signature of property decorator when called as an expression.
  Argument of type 'ClassFieldDecoratorContext<CreateNotificationDto, string> & { name: "recipientRole"; private: false; static: false; }' is not assignable to parameter of type 'string | symbol'.
src/notifications/dto/create-notification.dto.ts(12,6): error TS1240: Unable to resolve signature of property decorator when called as an expression.
  Argument of type 'ClassFieldDecoratorContext<CreateNotificationDto, string> & { name: "titleAr"; private: false; static: false; }' is not assignable to parameter of type 'string | symbol'.
src/notifications/dto/create-notification.dto.ts(13,6): error TS1240: Unable to resolve signature of property decorator when called as an expression.
  Argument of type 'ClassFieldDecoratorContext<CreateNotificationDto, string> & { name: "titleAr"; private: false; static: false; }' is not assignable to parameter of type 'string | symbol'.
src/notifications/dto/create-notification.dto.ts(16,6): error TS1240: Unable to resolve signature of property decorator when called as an expression.
  Argument of type 'ClassFieldDecoratorContext<CreateNotificationDto, string> & { name: "titleEn"; private: false; static: false; }' is not assignable to parameter of type 'string | symbol'.
src/notifications/dto/create-notification.dto.ts(17,6): error TS1240: Unable to resolve signature of property decorator when called as an expression.
  Argument of type 'ClassFieldDecoratorContext<CreateNotificationDto, string> & { name: "titleEn"; private: false; static: false; }' is not assignable to parameter of type 'string | symbol'.
src/notifications/dto/create-notification.dto.ts(20,6): error TS1240: Unable to resolve signature of property decorator when called as an expression.
  Argument of type 'ClassFieldDecoratorContext<CreateNotificationDto, string> & { name: "messageAr"; private: false; static: false; }' is not assignable to parameter of type 'string | symbol'.
src/notifications/dto/create-notification.dto.ts(21,6): error TS1240: Unable to resolve signature of property decorator when called as an expression.
  Argument of type 'ClassFieldDecoratorContext<CreateNotificationDto, string> & { name: "messageAr"; private: false; static: false; }' is not assignable to parameter of type 'string | symbol'.
src/notifications/dto/create-notification.dto.ts(24,6): error TS1240: Unable to resolve signature of property decorator when called as an expression.
  Argument of type 'ClassFieldDecoratorContext<CreateNotificationDto, string> & { name: "messageEn"; private: false; static: false; }' is not assignable to parameter of type 'string | symbol'.
src/notifications/dto/create-notification.dto.ts(25,6): error TS1240: Unable to resolve signature of property decorator when called as an expression.
  Argument of type 'ClassFieldDecoratorContext<CreateNotificationDto, string> & { name: "messageEn"; private: false; static: false; }' is not assignable to parameter of type 'string | symbol'.
src/notifications/dto/create-notification.dto.ts(28,6): error TS1240: Unable to resolve signature of property decorator when called as an expression.
  Argument of type 'ClassFieldDecoratorContext<CreateNotificationDto, string> & { name: "type"; private: false; static: false; }' is not assignable to parameter of type 'string | symbol'.
src/notifications/dto/create-notification.dto.ts(29,6): error TS1240: Unable to resolve signature of property decorator when called as an expression.
  Argument of type 'ClassFieldDecoratorContext<CreateNotificationDto, string> & { name: "type"; private: false; static: false; }' is not assignable to parameter of type 'string | symbol'.
src/notifications/dto/create-notification.dto.ts(32,6): error TS1240: Unable to resolve signature of property decorator when called as an expression.
  Argument of type 'ClassFieldDecoratorContext<CreateNotificationDto, string> & { name: "link"; private: false; static: false; }' is not assignable to parameter of type 'string | symbol'.
src/notifications/dto/create-notification.dto.ts(33,6): error TS1240: Unable to resolve signature of property decorator when called as an expression.
  Argument of type 'ClassFieldDecoratorContext<CreateNotificationDto, string> & { name: "link"; private: false; static: false; }' is not assignable to parameter of type 'string | symbol'.
src/notifications/dto/create-notification.dto.ts(36,6): error TS1240: Unable to resolve signature of property decorator when called as an expression.
  Argument of type 'ClassFieldDecoratorContext<CreateNotificationDto, any> & { name: "metadata"; private: false; static: false; }' is not assignable to parameter of type 'string | symbol'.
src/notifications/notifications.gateway.ts(19,4): error TS1240: Unable to resolve signature of property decorator when called as an expression.
  Argument of type 'ClassFieldDecoratorContext<NotificationsGateway, Server<DefaultEventsMap, DefaultEventsMap, DefaultEventsMap, any>> & { ...; }' is not assignable to parameter of type 'string | symbol'.
src/offers/dto/create-offer.dto.ts(4,6): error TS1240: Unable to resolve signature of property decorator when called as an expression.
  Argument of type 'ClassFieldDecoratorContext<CreateOfferDto, string> & { name: "orderId"; private: false; static: false; }' is not assignable to parameter of type 'string | symbol'.
src/offers/dto/create-offer.dto.ts(7,6): error TS1240: Unable to resolve signature of property decorator when called as an expression.
  Argument of type 'ClassFieldDecoratorContext<CreateOfferDto, string> & { name: "orderPartId"; private: false; static: false; }' is not assignable to parameter of type 'string | symbol'.
src/offers/dto/create-offer.dto.ts(8,6): error TS1240: Unable to resolve signature of property decorator when called as an expression.
  Argument of type 'ClassFieldDecoratorContext<CreateOfferDto, string> & { name: "orderPartId"; private: false; static: false; }' is not assignable to parameter of type 'string | symbol'.
src/offers/dto/create-offer.dto.ts(11,6): error TS1240: Unable to resolve signature of property decorator when called as an expression.
  Argument of type 'ClassFieldDecoratorContext<CreateOfferDto, number> & { name: "unitPrice"; private: false; static: false; }' is not assignable to parameter of type 'string | symbol'.
src/offers/dto/create-offer.dto.ts(14,6): error TS1240: Unable to resolve signature of property decorator when called as an expression.
  Argument of type 'ClassFieldDecoratorContext<CreateOfferDto, number> & { name: "weightKg"; private: false; static: false; }' is not assignable to parameter of type 'string | symbol'.
src/offers/dto/create-offer.dto.ts(17,6): error TS1240: Unable to resolve signature of property decorator when called as an expression.
  Argument of type 'ClassFieldDecoratorContext<CreateOfferDto, string> & { name: "partType"; private: false; static: false; }' is not assignable to parameter of type 'string | symbol'.
src/offers/dto/create-offer.dto.ts(20,6): error TS1240: Unable to resolve signature of property decorator when called as an expression.
  Argument of type 'ClassFieldDecoratorContext<CreateOfferDto, boolean> & { name: "hasWarranty"; private: false; static: false; }' is not assignable to parameter of type 'string | symbol'.
src/offers/dto/create-offer.dto.ts(23,6): error TS1240: Unable to resolve signature of property decorator when called as an expression.
  Argument of type 'ClassFieldDecoratorContext<CreateOfferDto, string> & { name: "warrantyDuration"; private: false; static: false; }' is not assignable to parameter of type 'string | symbol'.
src/offers/dto/create-offer.dto.ts(24,6): error TS1240: Unable to resolve signature of property decorator when called as an expression.
  Argument of type 'ClassFieldDecoratorContext<CreateOfferDto, string> & { name: "warrantyDuration"; private: false; static: false; }' is not assignable to parameter of type 'string | symbol'.
src/offers/dto/create-offer.dto.ts(27,6): error TS1240: Unable to resolve signature of property decorator when called as an expression.
  Argument of type 'ClassFieldDecoratorContext<CreateOfferDto, string> & { name: "deliveryDays"; private: false; static: false; }' is not assignable to parameter of type 'string | symbol'.
src/offers/dto/create-offer.dto.ts(28,6): error TS1240: Unable to resolve signature of property decorator when called as an expression.
  Argument of type 'ClassFieldDecoratorContext<CreateOfferDto, string> & { name: "deliveryDays"; private: false; static: false; }' is not assignable to parameter of type 'string | symbol'.
src/offers/dto/create-offer.dto.ts(31,6): error TS1240: Unable to resolve signature of property decorator when called as an expression.
  Argument of type 'ClassFieldDecoratorContext<CreateOfferDto, string> & { name: "condition"; private: false; static: false; }' is not assignable to parameter of type 'string | symbol'.
src/offers/dto/create-offer.dto.ts(34,6): error TS1240: Unable to resolve signature of property decorator when called as an expression.
  Argument of type 'ClassFieldDecoratorContext<CreateOfferDto, string> & { name: "notes"; private: false; static: false; }' is not assignable to parameter of type 'string | symbol'.
src/offers/dto/create-offer.dto.ts(35,6): error TS1240: Unable to resolve signature of property decorator when called as an expression.
  Argument of type 'ClassFieldDecoratorContext<CreateOfferDto, string> & { name: "notes"; private: false; static: false; }' is not assignable to parameter of type 'string | symbol'.
src/offers/dto/create-offer.dto.ts(38,6): error TS1240: Unable to resolve signature of property decorator when called as an expression.
  Argument of type 'ClassFieldDecoratorContext<CreateOfferDto, string> & { name: "offerImage"; private: false; static: false; }' is not assignable to parameter of type 'string | symbol'.
src/offers/dto/create-offer.dto.ts(39,6): error TS1240: Unable to resolve signature of property decorator when called as an expression.
  Argument of type 'ClassFieldDecoratorContext<CreateOfferDto, string> & { name: "offerImage"; private: false; static: false; }' is not assignable to parameter of type 'string | symbol'.
src/offers/dto/create-offer.dto.ts(42,6): error TS1240: Unable to resolve signature of property decorator when called as an expression.
  Argument of type 'ClassFieldDecoratorContext<CreateOfferDto, number> & { name: "shippingCost"; private: false; static: false; }' is not assignable to parameter of type 'string | symbol'.
src/offers/dto/create-offer.dto.ts(43,6): error TS1240: Unable to resolve signature of property decorator when called as an expression.
  Argument of type 'ClassFieldDecoratorContext<CreateOfferDto, number> & { name: "shippingCost"; private: false; static: false; }' is not assignable to parameter of type 'string | symbol'.
src/offers/dto/update-offer.dto.ts(5,6): error TS1240: Unable to resolve signature of property decorator when called as an expression.
  Argument of type 'ClassFieldDecoratorContext<UpdateOfferDto, number> & { name: "unitPrice"; private: false; static: false; }' is not assignable to parameter of type 'string | symbol'.
src/offers/dto/update-offer.dto.ts(6,6): error TS1240: Unable to resolve signature of property decorator when called as an expression.
  Argument of type 'ClassFieldDecoratorContext<UpdateOfferDto, number> & { name: "unitPrice"; private: false; static: false; }' is not assignable to parameter of type 'string | symbol'.
src/offers/dto/update-offer.dto.ts(7,6): error TS1240: Unable to resolve signature of property decorator when called as an expression.
  Argument of type 'ClassFieldDecoratorContext<UpdateOfferDto, number> & { name: "unitPrice"; private: false; static: false; }' is not assignable to parameter of type 'string | symbol'.
src/offers/dto/update-offer.dto.ts(8,6): error TS1240: Unable to resolve signature of property decorator when called as an expression.
  Argument of type 'ClassFieldDecoratorContext<UpdateOfferDto, number> & { name: "unitPrice"; private: false; static: false; }' is not assignable to parameter of type 'string | symbol'.
src/offers/dto/update-offer.dto.ts(11,6): error TS1240: Unable to resolve signature of property decorator when called as an expression.
  Argument of type 'ClassFieldDecoratorContext<UpdateOfferDto, number> & { name: "weightKg"; private: false; static: false; }' is not assignable to parameter of type 'string | symbol'.
src/offers/dto/update-offer.dto.ts(12,6): error TS1240: Unable to resolve signature of property decorator when called as an expression.
  Argument of type 'ClassFieldDecoratorContext<UpdateOfferDto, number> & { name: "weightKg"; private: false; static: false; }' is not assignable to parameter of type 'string | symbol'.
src/offers/dto/update-offer.dto.ts(13,6): error TS1240: Unable to resolve signature of property decorator when called as an expression.
  Argument of type 'ClassFieldDecoratorContext<UpdateOfferDto, number> & { name: "weightKg"; private: false; static: false; }' is not assignable to parameter of type 'string | symbol'.
src/offers/dto/update-offer.dto.ts(14,6): error TS1240: Unable to resolve signature of property decorator when called as an expression.
  Argument of type 'ClassFieldDecoratorContext<UpdateOfferDto, number> & { name: "weightKg"; private: false; static: false; }' is not assignable to parameter of type 'string | symbol'.
src/offers/dto/update-offer.dto.ts(17,6): error TS1240: Unable to resolve signature of property decorator when called as an expression.
  Argument of type 'ClassFieldDecoratorContext<UpdateOfferDto, number> & { name: "shippingCost"; private: false; static: false; }' is not assignable to parameter of type 'string | symbol'.
src/offers/dto/update-offer.dto.ts(18,6): error TS1240: Unable to resolve signature of property decorator when called as an expression.
  Argument of type 'ClassFieldDecoratorContext<UpdateOfferDto, number> & { name: "shippingCost"; private: false; static: false; }' is not assignable to parameter of type 'string | symbol'.
src/offers/dto/update-offer.dto.ts(19,6): error TS1240: Unable to resolve signature of property decorator when called as an expression.
  Argument of type 'ClassFieldDecoratorContext<UpdateOfferDto, number> & { name: "shippingCost"; private: false; static: false; }' is not assignable to parameter of type 'string | symbol'.
src/offers/dto/update-offer.dto.ts(20,6): error TS1240: Unable to resolve signature of property decorator when called as an expression.
  Argument of type 'ClassFieldDecoratorContext<UpdateOfferDto, number> & { name: "shippingCost"; private: false; static: false; }' is not assignable to parameter of type 'string | symbol'.
src/offers/dto/update-offer.dto.ts(23,6): error TS1240: Unable to resolve signature of property decorator when called as an expression.
  Argument of type 'ClassFieldDecoratorContext<UpdateOfferDto, boolean> & { name: "hasWarranty"; private: false; static: false; }' is not assignable to parameter of type 'string | symbol'.
src/offers/dto/update-offer.dto.ts(24,6): error TS1240: Unable to resolve signature of property decorator when called as an expression.
  Argument of type 'ClassFieldDecoratorContext<UpdateOfferDto, boolean> & { name: "hasWarranty"; private: false; static: false; }' is not assignable to parameter of type 'string | symbol'.
src/offers/dto/update-offer.dto.ts(27,6): error TS1240: Unable to resolve signature of property decorator when called as an expression.
  Argument of type 'ClassFieldDecoratorContext<UpdateOfferDto, string> & { name: "warrantyDuration"; private: false; static: false; }' is not assignable to parameter of type 'string | symbol'.
src/offers/dto/update-offer.dto.ts(28,6): error TS1240: Unable to resolve signature of property decorator when called as an expression.
  Argument of type 'ClassFieldDecoratorContext<UpdateOfferDto, string> & { name: "warrantyDuration"; private: false; static: false; }' is not assignable to parameter of type 'string | symbol'.
src/offers/dto/update-offer.dto.ts(31,6): error TS1240: Unable to resolve signature of property decorator when called as an expression.
  Argument of type 'ClassFieldDecoratorContext<UpdateOfferDto, string> & { name: "deliveryDays"; private: false; static: false; }' is not assignable to parameter of type 'string | symbol'.
src/offers/dto/update-offer.dto.ts(32,6): error TS1240: Unable to resolve signature of property decorator when called as an expression.
  Argument of type 'ClassFieldDecoratorContext<UpdateOfferDto, string> & { name: "deliveryDays"; private: false; static: false; }' is not assignable to parameter of type 'string | symbol'.
src/offers/dto/update-offer.dto.ts(35,6): error TS1240: Unable to resolve signature of property decorator when called as an expression.
  Argument of type 'ClassFieldDecoratorContext<UpdateOfferDto, string> & { name: "condition"; private: false; static: false; }' is not assignable to parameter of type 'string | symbol'.
src/offers/dto/update-offer.dto.ts(36,6): error TS1240: Unable to resolve signature of property decorator when called as an expression.
  Argument of type 'ClassFieldDecoratorContext<UpdateOfferDto, string> & { name: "condition"; private: false; static: false; }' is not assignable to parameter of type 'string | symbol'.
src/offers/dto/update-offer.dto.ts(39,6): error TS1240: Unable to resolve signature of property decorator when called as an expression.
  Argument of type 'ClassFieldDecoratorContext<UpdateOfferDto, string> & { name: "partType"; private: false; static: false; }' is not assignable to parameter of type 'string | symbol'.
src/offers/dto/update-offer.dto.ts(40,6): error TS1240: Unable to resolve signature of property decorator when called as an expression.
  Argument of type 'ClassFieldDecoratorContext<UpdateOfferDto, string> & { name: "partType"; private: false; static: false; }' is not assignable to parameter of type 'string | symbol'.
src/offers/dto/update-offer.dto.ts(43,6): error TS1240: Unable to resolve signature of property decorator when called as an expression.
  Argument of type 'ClassFieldDecoratorContext<UpdateOfferDto, string> & { name: "notes"; private: false; static: false; }' is not assignable to parameter of type 'string | symbol'.
src/offers/dto/update-offer.dto.ts(44,6): error TS1240: Unable to resolve signature of property decorator when called as an expression.
  Argument of type 'ClassFieldDecoratorContext<UpdateOfferDto, string> & { name: "notes"; private: false; static: false; }' is not assignable to parameter of type 'string | symbol'.
src/offers/dto/update-offer.dto.ts(47,6): error TS1240: Unable to resolve signature of property decorator when called as an expression.
  Argument of type 'ClassFieldDecoratorContext<UpdateOfferDto, string> & { name: "offerImage"; private: false; static: false; }' is not assignable to parameter of type 'string | symbol'.
src/offers/dto/update-offer.dto.ts(48,6): error TS1240: Unable to resolve signature of property decorator when called as an expression.
  Argument of type 'ClassFieldDecoratorContext<UpdateOfferDto, string> & { name: "offerImage"; private: false; static: false; }' is not assignable to parameter of type 'string | symbol'.
src/offers/offers.controller.ts(15,5): error TS1241: Unable to resolve signature of method decorator when called as an expression.
  The runtime will invoke the decorator with 2 arguments, but the decorator expects 3.
src/offers/offers.controller.ts(15,6): error TS1270: Decorator function return type 'void | TypedPropertyDescriptor<unknown>' is not assignable to type 'void | ((req: any, createOfferDto: CreateOfferDto) => Promise<any>)'.
  Type 'TypedPropertyDescriptor<unknown>' is not assignable to type 'void | ((req: any, createOfferDto: CreateOfferDto) => Promise<any>)'.
src/offers/offers.controller.ts(18,12): error TS1206: Decorators are not valid here.
src/offers/offers.controller.ts(18,28): error TS1206: Decorators are not valid here.
src/offers/offers.controller.ts(22,5): error TS1241: Unable to resolve signature of method decorator when called as an expression.
  The runtime will invoke the decorator with 2 arguments, but the decorator expects 3.
src/offers/offers.controller.ts(22,6): error TS1270: Decorator function return type 'void | TypedPropertyDescriptor<unknown>' is not assignable to type 'void | ((req: any, id: string, updateOfferDto: UpdateOfferDto) => Promise<{ store: { name: string; id: string; }; } & { id: string; status: string; createdAt: Date; updatedAt: Date; ... 15 more ...; isWithdrawn: boolean; }>)'.
  Type 'TypedPropertyDescriptor<unknown>' is not assignable to type 'void | ((req: any, id: string, updateOfferDto: UpdateOfferDto) => Promise<{ store: { name: string; id: string; }; } & { id: string; status: string; createdAt: Date; updatedAt: Date; ... 15 more ...; isWithdrawn: boolean; }>)'.
src/offers/offers.controller.ts(25,12): error TS1206: Decorators are not valid here.
src/offers/offers.controller.ts(25,28): error TS1206: Decorators are not valid here.
src/offers/offers.controller.ts(25,53): error TS1206: Decorators are not valid here.
src/offers/offers.controller.ts(29,5): error TS1241: Unable to resolve signature of method decorator when called as an expression.
  The runtime will invoke the decorator with 2 arguments, but the decorator expects 3.
src/offers/offers.controller.ts(29,6): error TS1270: Decorator function return type 'void | TypedPropertyDescriptor<unknown>' is not assignable to type 'void | ((req: any, id: string) => Promise<{ store: { name: string; }; } & { id: string; status: string; createdAt: Date; updatedAt: Date; storeId: string; orderId: string; offerNumber: string; ... 12 more ...; isWithdrawn: boolean; }>)'.
  Type 'TypedPropertyDescriptor<unknown>' is not assignable to type 'void | ((req: any, id: string) => Promise<{ store: { name: string; }; } & { id: string; status: string; createdAt: Date; updatedAt: Date; storeId: string; orderId: string; offerNumber: string; ... 12 more ...; isWithdrawn: boolean; }>)'.
src/offers/offers.controller.ts(32,14): error TS1206: Decorators are not valid here.
src/offers/offers.controller.ts(32,30): error TS1206: Decorators are not valid here.
src/offers/offers.controller.ts(36,5): error TS1241: Unable to resolve signature of method decorator when called as an expression.
  The runtime will invoke the decorator with 2 arguments, but the decorator expects 3.
src/offers/offers.controller.ts(36,6): error TS1270: Decorator function return type 'void | TypedPropertyDescriptor<unknown>' is not assignable to type 'void | ((req: any, id: string) => Promise<{ message: string; }>)'.
  Type 'TypedPropertyDescriptor<unknown>' is not assignable to type 'void | ((req: any, id: string) => Promise<{ message: string; }>)'.
src/offers/offers.controller.ts(39,20): error TS1206: Decorators are not valid here.
src/offers/offers.controller.ts(39,36): error TS1206: Decorators are not valid here.
src/offers/offers.controller.ts(43,5): error TS1241: Unable to resolve signature of method decorator when called as an expression.
  The runtime will invoke the decorator with 2 arguments, but the decorator expects 3.
src/offers/offers.controller.ts(43,6): error TS1270: Decorator function return type 'void | TypedPropertyDescriptor<unknown>' is not assignable to type 'void | ((orderId: string) => Promise<({ store: { name: string; id: string; _count: { orders: number; }; createdAt: Date; storeCode: string; rating: Decimal; }; } & { id: string; status: string; ... 17 more ...; isWithdrawn: boolean; })[]>)'.
  Type 'TypedPropertyDescriptor<unknown>' is not assignable to type 'void | ((orderId: string) => Promise<({ store: { name: string; id: string; _count: { orders: number; }; createdAt: Date; storeCode: string; rating: Decimal; }; } & { id: string; status: string; ... 17 more ...; isWithdrawn: boolean; })[]>)'.
src/offers/offers.controller.ts(44,17): error TS1206: Decorators are not valid here.
src/offers/offers.controller.ts(48,5): error TS1241: Unable to resolve signature of method decorator when called as an expression.
  The runtime will invoke the decorator with 2 arguments, but the decorator expects 3.
src/offers/offers.controller.ts(48,6): error TS1270: Decorator function return type 'void | TypedPropertyDescriptor<unknown>' is not assignable to type 'void | ((req: any, orderId: string) => Promise<({ store: { name: string; id: string; storeCode: string; }; } & { id: string; status: string; createdAt: Date; updatedAt: Date; storeId: string; ... 14 more ...; isWithdrawn: boolean; })[]>)'.
  Type 'TypedPropertyDescriptor<unknown>' is not assignable to type 'void | ((req: any, orderId: string) => Promise<({ store: { name: string; id: string; storeCode: string; }; } & { id: string; status: string; createdAt: Date; updatedAt: Date; storeId: string; ... 14 more ...; isWithdrawn: boolean; })[]>)'.
src/offers/offers.controller.ts(51,18): error TS1206: Decorators are not valid here.
src/offers/offers.controller.ts(51,34): error TS1206: Decorators are not valid here.
src/offers/offers.controller.ts(55,5): error TS1241: Unable to resolve signature of method decorator when called as an expression.
  The runtime will invoke the decorator with 2 arguments, but the decorator expects 3.
src/offers/offers.controller.ts(55,6): error TS1270: Decorator function return type 'void | TypedPropertyDescriptor<unknown>' is not assignable to type 'void | ((req: any, id: string, updateOfferDto: UpdateOfferDto) => Promise<{ store: { name: string; }; } & { id: string; status: string; createdAt: Date; updatedAt: Date; ... 15 more ...; isWithdrawn: boolean; }>)'.
  Type 'TypedPropertyDescriptor<unknown>' is not assignable to type 'void | ((req: any, id: string, updateOfferDto: UpdateOfferDto) => Promise<{ store: { name: string; }; } & { id: string; status: string; createdAt: Date; updatedAt: Date; ... 15 more ...; isWithdrawn: boolean; }>)'.
src/offers/offers.controller.ts(58,17): error TS1206: Decorators are not valid here.
src/offers/offers.controller.ts(58,33): error TS1206: Decorators are not valid here.
src/offers/offers.controller.ts(58,58): error TS1206: Decorators are not valid here.
src/offers/offers.controller.ts(62,5): error TS1241: Unable to resolve signature of method decorator when called as an expression.
  The runtime will invoke the decorator with 2 arguments, but the decorator expects 3.
src/offers/offers.controller.ts(62,6): error TS1270: Decorator function return type 'void | TypedPropertyDescriptor<unknown>' is not assignable to type 'void | ((req: any, id: string) => Promise<{ message: string; }>)'.
  Type 'TypedPropertyDescriptor<unknown>' is not assignable to type 'void | ((req: any, id: string) => Promise<{ message: string; }>)'.
src/offers/offers.controller.ts(65,17): error TS1206: Decorators are not valid here.
src/offers/offers.controller.ts(65,33): error TS1206: Decorators are not valid here.
src/stores/dto/upload-store-document.dto.ts(5,6): error TS1240: Unable to resolve signature of property decorator when called as an expression.
  Argument of type 'ClassFieldDecoratorContext<UploadStoreDocumentDto, DocType> & { name: "docType"; private: false; static: false; }' is not assignable to parameter of type 'string | symbol'.
src/stores/dto/upload-store-document.dto.ts(8,6): error TS1240: Unable to resolve signature of property decorator when called as an expression.
  Argument of type 'ClassFieldDecoratorContext<UploadStoreDocumentDto, string> & { name: "fileUrl"; private: false; static: false; }' is not assignable to parameter of type 'string | symbol'.
src/stores/dto/upload-store-document.dto.ts(9,6): error TS1240: Unable to resolve signature of property decorator when called as an expression.
  Argument of type 'ClassFieldDecoratorContext<UploadStoreDocumentDto, string> & { name: "fileUrl"; private: false; static: false; }' is not assignable to parameter of type 'string | symbol'.
